// Jest Snapshot v1, https://goo.gl/fbAQLP

exports[`should render the example 1`] = `
"<div>
  <div id=\\"layout\\">
    <div>
      <h1>Hello, world!</h1>
      <code>dem0</code>
    </div>
  </div>
</div>
"
`;
